
Dafny program verifier did not attempt verification
nogap.up.1|WA40|P3|S0|T-
nogap.up.2|R2,40,60,N|E2,6
nogap.up.3|R2,40,40,N|E2,4
nogap.down.1|WA40|P3|S0|T-
nogap.down.2|R2,40,60,N|E2,6
nogap.down.3|R2,40,40,N|E2,4
gap.up.1|WS40E2,4|P3|S0|T-
gap.up.2|WS40E2,4|P3|S1|T-
gap.up.3|WS40E2,4|P3|S2|T-
gap.up.4|R2,40,90,G|E2,4
gap.down.1|WS40E2,4|P3|S0|T-
gap.down.2|WS40E2,4|P3|S1|T-
gap.down.3|WS40E2,4|P3|S2|T-
gap.down.4|R2,40,90,G|E2,4
feature.up.1|N1(216,216,124979,125240,216,)
feature.up.2|N2(216,216,124979,125240,216,)(218,218,124817,125798,218,)
feature.up.3|N2(216,216,124979,125240,216,)(220,218,125012,125798,218,220,)
feature.up.4|N2(216,216,124979,125240,216,)(222,218,125073,125798,218,220,222,)
feature.up.5|N3(216,216,124979,125240,216,)(222,218,125073,125798,218,220,222,)(224,224,124870,125332,224,)
feature.down.1|N1(216,216,-125240,-124979,216,)
feature.down.2|N2(216,216,-125240,-124979,216,)(218,218,-125798,-124817,218,)
feature.down.3|N2(216,216,-125240,-124979,216,)(220,218,-125798,-125012,218,220,)
feature.down.4|N2(216,216,-125240,-124979,216,)(222,218,-125798,-125073,218,220,222,)
feature.down.5|N3(216,216,-125240,-124979,216,)(222,218,-125798,-125073,218,220,222,)(224,224,-125332,-124870,224,)
reject.first.up|N
reject.beyond.up|Y
reject.initial.up|N
reject.first.down|N
reject.beyond.down|Y
reject.initial.down|N
fixed.up.1|F1|P0|K0|S0|M0|A-|C0
fixed.up.2|F2|P0|K0|S0|M0|A-|C0
fixed.up.3|F3|P0|K0|S0|M0|A-|C0
fixed.up.4|F4|P1|K0|S0|M0|A-|C0
fixed.up.5|F5|P1|K0|S0|M0|A-|C0
fixed.up.6|F6|P1|K0|S0|M0|A-|C0
fixed.up.7|F7|P1|K0|S0|M0|A-|C0
fixed.up.8|F8|P2|K0|S0|M0|A-|C0
fixed.up.9|F9|P2|K0|S0|M0|A-|C0
fixed.up.10|F10|P2|K0|S0|M0|A-|C0
fixed.up.11|F11|P2|K0|S0|M0|A-|C0
fixed.up.12|F12|P3|K1|S0|M0|A0,0,0,0,12|C1
fixed.up.13|F13|P3|K1|S0|M0|A0,0,0,0,12|C1
fixed.up.14|F14|P3|K1|S0|M0|A0,0,0,0,12|C1
fixed.up.15|F15|P3|K1|S0|M0|A0,0,0,0,12|C1
fixed.up.16|F16|P4|K2|S0|M0|A0,0,1,0,16|C2
fixed.up.17|F17|P4|K2|S0|M0|A0,0,1,0,16|C2
fixed.up.18|F18|P4|K2|S0|M0|A0,0,1,0,16|C2
fixed.up.19|F19|P4|K2|S0|M0|A0,0,1,0,16|C2
fixed.up.20|F20|P5|K3|S0|M0|A0,0,1,0,20|C3
fixed.up.21|F21|P5|K3|S0|M0|A0,0,1,0,20|C3
fixed.up.22|F22|P5|K3|S0|M0|A0,0,1,0,20|C3
fixed.up.23|F23|P5|K3|S0|M0|A0,0,1,0,20|C3
fixed.up.24|F24|P6|K4|S0|M0|A0,0,2,1,24|C4
fixed.up.25|F25|P6|K4|S0|M0|A0,0,2,1,24|C4
fixed.up.26|F26|P6|K4|S0|M0|A0,0,2,1,24|C4
fixed.up.27|F27|P6|K4|S0|M0|A0,0,2,1,24|C4
fixed.up.28|F28|P7|K5|S0|M0|A0,0,2,1,28|C5
fixed.up.29|F29|P7|K5|S0|M0|A0,0,2,1,28|C5
fixed.up.30|F30|P7|K5|S0|M0|A0,0,2,1,28|C5
fixed.up.31|F31|P7|K5|S0|M0|A0,0,2,1,28|C5
break.up.2.2.3.0|N
break.up.2.2.3.1|N
break.up.2.2.4.0|N
break.up.2.2.4.1|N
break.up.2.2.5.0|N
break.up.2.2.5.1|N
break.up.2.3.4.0|N
break.up.2.3.4.1|N
break.up.2.3.5.0|N
break.up.2.3.5.1|N
break.up.2.4.5.0|N
break.up.2.4.5.1|N
break.up.3.3.4.0|N
break.up.3.3.4.1|N
break.up.3.3.5.0|Y
break.up.3.3.5.1|N
break.up.3.4.5.0|Y
break.up.3.4.5.1|N
break.up.4.4.5.0|N
break.up.4.4.5.1|N
fixed.up.32|F32|P8|K6|S1{0,0,3,0,-6,15,32,32,32,-6,15,N(1,1,-1,10,1,)(3,3,4,15,3,)(5,5,0,11,5,)}|M1{0,1,1,-6,13,13,15,0,-6,15,32,0}|A3,1,1,0,32|C6
fixed.down.1|F1|P0|K0|S0|M0|A-|C0
fixed.down.2|F2|P0|K0|S0|M0|A-|C0
fixed.down.3|F3|P0|K0|S0|M0|A-|C0
fixed.down.4|F4|P1|K0|S0|M0|A-|C0
fixed.down.5|F5|P1|K0|S0|M0|A-|C0
fixed.down.6|F6|P1|K0|S0|M0|A-|C0
fixed.down.7|F7|P1|K0|S0|M0|A-|C0
fixed.down.8|F8|P2|K0|S0|M0|A-|C0
fixed.down.9|F9|P2|K0|S0|M0|A-|C0
fixed.down.10|F10|P2|K0|S0|M0|A-|C0
fixed.down.11|F11|P2|K0|S0|M0|A-|C0
fixed.down.12|F12|P3|K1|S0|M0|A0,1,0,0,12|C1
fixed.down.13|F13|P3|K1|S0|M0|A0,1,0,0,12|C1
fixed.down.14|F14|P3|K1|S0|M0|A0,1,0,0,12|C1
fixed.down.15|F15|P3|K1|S0|M0|A0,1,0,0,12|C1
fixed.down.16|F16|P4|K2|S0|M0|A0,1,1,0,16|C2
fixed.down.17|F17|P4|K2|S0|M0|A0,1,1,0,16|C2
fixed.down.18|F18|P4|K2|S0|M0|A0,1,1,0,16|C2
fixed.down.19|F19|P4|K2|S0|M0|A0,1,1,0,16|C2
fixed.down.20|F20|P5|K3|S0|M0|A0,1,1,0,20|C3
fixed.down.21|F21|P5|K3|S0|M0|A0,1,1,0,20|C3
fixed.down.22|F22|P5|K3|S0|M0|A0,1,1,0,20|C3
fixed.down.23|F23|P5|K3|S0|M0|A0,1,1,0,20|C3
fixed.down.24|F24|P6|K4|S0|M0|A0,1,2,1,24|C4
fixed.down.25|F25|P6|K4|S0|M0|A0,1,2,1,24|C4
fixed.down.26|F26|P6|K4|S0|M0|A0,1,2,1,24|C4
fixed.down.27|F27|P6|K4|S0|M0|A0,1,2,1,24|C4
fixed.down.28|F28|P7|K5|S0|M0|A0,1,2,1,28|C5
fixed.down.29|F29|P7|K5|S0|M0|A0,1,2,1,28|C5
fixed.down.30|F30|P7|K5|S0|M0|A0,1,2,1,28|C5
fixed.down.31|F31|P7|K5|S0|M0|A0,1,2,1,28|C5
break.down.2.2.3.0|N
break.down.2.2.3.1|N
break.down.2.2.4.0|N
break.down.2.2.4.1|N
break.down.2.2.5.0|N
break.down.2.2.5.1|N
break.down.2.3.4.0|N
break.down.2.3.4.1|N
break.down.2.3.5.0|N
break.down.2.3.5.1|N
break.down.2.4.5.0|N
break.down.2.4.5.1|N
break.down.3.3.4.0|N
break.down.3.3.4.1|N
break.down.3.3.5.0|N
break.down.3.3.5.1|Y
break.down.3.4.5.0|N
break.down.3.4.5.1|Y
break.down.4.4.5.0|N
break.down.4.4.5.1|N
fixed.down.32|F32|P8|K6|S1{0,0,3,1,6,-15,32,32,32,-15,6,N(1,1,-10,1,1,)(3,3,-15,-4,3,)(5,5,-11,0,5,)}|M1{0,1,1,6,13,13,-15,1,-15,6,32,0}|A3,0,1,0,32|C6
